$ curl -i -H 'x-api-key: letmein' http://127.0.0.1:3000/admin
HTTP/1.1 403 Forbidden
content-type: text/plain; charset=utf-8
content-length: 11

admins only

$ curl -i -H 'x-api-key: letmein' -H 'x-role: admin' http://127.0.0.1:3000/admin
HTTP/1.1 200 OK
content-type: text/plain; charset=utf-8
content-length: 50

welcome to the admin room, holder of key "letmein"

$ curl -i -H 'x-role: admin' http://127.0.0.1:3000/admin
HTTP/1.1 401 Unauthorized
content-type: text/plain; charset=utf-8
content-length: 24

missing x-api-key header

$ curl -i -H 'x-api-key: letmein' http://127.0.0.1:3000/secret
HTTP/1.1 200 OK
content-type: text/plain; charset=utf-8
content-length: 32

welcome, holder of key "letmein"
