$ curl -i -X POST http://127.0.0.1:3000/todos -H 'content-type: application/json' -d '{"title":""}'
HTTP/1.1 422 Unprocessable Entity
content-type: application/json
content-length: 84

{"title":[{"code":"length","message":null,"params":{"max":100,"min":1,"value":""}}]}

$ curl -i -X POST http://127.0.0.1:3000/todos -H 'content-type: application/json' -d '{"title":"buy milk"}'
HTTP/1.1 201 Created
content-type: application/json
content-length: 40

{"id":1,"title":"buy milk","done":false}

$ curl -i -X PATCH http://127.0.0.1:3000/todos/1 -H 'content-type: application/json' -d '{"title":""}'
HTTP/1.1 422 Unprocessable Entity
content-type: application/json
content-length: 84

{"title":[{"code":"length","message":null,"params":{"max":100,"min":1,"value":""}}]}

$ curl -i -X PATCH http://127.0.0.1:3000/todos/1 -H 'content-type: application/json' -d '{"done":true}'
HTTP/1.1 200 OK
content-type: application/json
content-length: 39

{"id":1,"title":"buy milk","done":true}
