$ curl -i -X POST http://127.0.0.1:3000/api/todos -H 'content-type: application/json' -d '{"title":"buy milk"}'
HTTP/1.1 201 Created
content-type: application/json
content-length: 40

{"id":1,"title":"buy milk","done":false}

$ curl -i -X POST http://127.0.0.1:3000/api/todos -H 'content-type: application/json' -d '{"title":"walk the dog"}'
HTTP/1.1 201 Created
content-type: application/json
content-length: 44

{"id":2,"title":"walk the dog","done":false}

$ curl -i -X PATCH http://127.0.0.1:3000/api/todos/1 -H 'content-type: application/json' -d '{"done":true}'
HTTP/1.1 200 OK
content-type: application/json
content-length: 39

{"id":1,"title":"buy milk","done":true}

$ curl -i -X DELETE "http://127.0.0.1:3000/api/todos?done=true"
HTTP/1.1 200 OK
content-type: application/json
content-length: 13

{"removed":1}

$ curl -i http://127.0.0.1:3000/api/todos
HTTP/1.1 200 OK
content-type: application/json
content-length: 46

[{"id":2,"title":"walk the dog","done":false}]

$ curl -i -X DELETE http://127.0.0.1:3000/api/todos
HTTP/1.1 400 Bad Request
content-type: text/plain; charset=utf-8
content-length: 56

Failed to deserialize query string: missing field `done`
