SET
DROP INDEX
                    QUERY PLAN
---------------------------------------------------
 Seq Scan on orders (actual rows=10000.00 loops=1)
   Filter: (status = 'refunded'::text)
   Rows Removed by Filter: 90000
(3 rows)

CREATE INDEX
                                 QUERY PLAN
-----------------------------------------------------------------------------
 Bitmap Heap Scan on orders (actual rows=10000.00 loops=1)
   Recheck Cond: (status = 'refunded'::text)
   Heap Blocks: exact=650
   ->  Bitmap Index Scan on orders_status_idx (actual rows=10000.00 loops=1)
         Index Cond: (status = 'refunded'::text)
         Index Searches: 1
(6 rows)

            QUERY PLAN
-----------------------------------
 Seq Scan on orders
   Filter: (status = 'paid'::text)
(2 rows)

DROP INDEX
