$ curl -i -X POST http://127.0.0.1:3000/books -H 'content-type: application/json' -d '{"title":"Dune"}'
HTTP/1.1 201 Created
content-type: application/json
content-length: 23

{"id":1,"title":"Dune"}

$ curl -i http://127.0.0.1:3000/books
HTTP/1.1 200 OK
content-type: application/json
content-length: 25

[{"id":1,"title":"Dune"}]

$ curl -i http://127.0.0.1:3000/books
HTTP/1.1 200 OK
content-type: application/json
content-length: 25

[{"id":1,"title":"Dune"}]

$ curl -i http://127.0.0.1:3000/visits
HTTP/1.1 200 OK
content-type: text/plain; charset=utf-8
content-length: 28

GET /books was asked 2 times
