$ curl -i -X POST http://127.0.0.1:3000/likes/1
HTTP/1.1 200 OK
content-type: application/json
content-length: 23

{"book_id":1,"likes":1}

$ curl -i -X POST http://127.0.0.1:3000/likes/1
HTTP/1.1 200 OK
content-type: application/json
content-length: 23

{"book_id":1,"likes":2}

$ curl -i -X POST http://127.0.0.1:3000/likes/2
HTTP/1.1 200 OK
content-type: application/json
content-length: 23

{"book_id":2,"likes":1}

$ curl -i http://127.0.0.1:3000/likes/1
HTTP/1.1 200 OK
content-type: application/json
content-length: 23

{"book_id":1,"likes":2}

$ curl -i http://127.0.0.1:3000/likes/3
HTTP/1.1 200 OK
content-type: application/json
content-length: 23

{"book_id":3,"likes":0}
